README.md
arbitrary-npm-package-main.js
arbitrary_bin.txt
arbitrary_genfiles.txt
bundles
  bundles/waffels-secondary.umd.js
  bundles/waffels-secondary.umd.js.map
  bundles/waffels-secondary.umd.min.js
  bundles/waffels-secondary.umd.min.js.map
  bundles/waffels.umd.js
  bundles/waffels.umd.js.map
  bundles/waffels.umd.min.js
  bundles/waffels.umd.min.js.map
esm2015
  esm2015/example.externs.js
  esm2015/example.js
  esm2015/index.js
  esm2015/mymodule.js
  esm2015/secondary
    esm2015/secondary/index.js
    esm2015/secondary/secondary.externs.js
    esm2015/secondary/secondary.js
    esm2015/secondary/secondarymodule.js
esm5
  esm5/example.js
  esm5/index.js
  esm5/mymodule.js
  esm5/secondary
    esm5/secondary/index.js
    esm5/secondary/secondary.js
    esm5/secondary/secondarymodule.js
example.d.ts
example.metadata.json
extra-styles.css
fesm2015
  fesm2015/secondary.js
  fesm2015/secondary.js.map
  fesm2015/waffels.js
  fesm2015/waffels.js.map
fesm5
  fesm5/secondary.js
  fesm5/secondary.js.map
  fesm5/waffels.js
  fesm5/waffels.js.map
package.json
secondary
  secondary/package.json
  secondary/secondary.d.ts
  secondary/secondary.metadata.json
secondary.d.ts
secondary.metadata.json
some-file.txt
--- README.md ---

Angular
=======

The sources for this package are in the main [Angular](https://github.com/angular/angular) repo. Please file issues and pull requests against that repo.

License: MIT


--- arbitrary-npm-package-main.js ---

/**
 * @license
 * Copyright Google Inc. All Rights Reserved.
 *
 * Use of this source code is governed by an MIT-style license that can be
 * found in the LICENSE file at https://angular.io/license
 */

const x = 1;


--- arbitrary_bin.txt ---

World


--- arbitrary_genfiles.txt ---

Hello


--- bundles/waffels-secondary.umd.js ---

/**
 * @license Angular v0.0.0
 * (c) 2010-2019 Google LLC. https://angular.io/
 * License: MIT
 */

(function (global, factory) {
    typeof exports === 'object' && typeof module !== 'undefined' ? factory(exports, require('@angular/core')) :
    typeof define === 'function' && define.amd ? define('example/secondary', ['exports', '@angular/core'], factory) :
    (global = global || self, factory((global.example = global.example || {}, global.example.secondary = {}), global.ng.core));
}(this, function (exports, core) { 'use strict';

    /*! *****************************************************************************
    Copyright (c) Microsoft Corporation. All rights reserved.
    Licensed under the Apache License, Version 2.0 (the "License"); you may not use
    this file except in compliance with the License. You may obtain a copy of the
    License at http://www.apache.org/licenses/LICENSE-2.0

    THIS CODE IS PROVIDED ON AN *AS IS* BASIS, WITHOUT WARRANTIES OR CONDITIONS OF ANY
    KIND, EITHER EXPRESS OR IMPLIED, INCLUDING WITHOUT LIMITATION ANY IMPLIED
    WARRANTIES OR CONDITIONS OF TITLE, FITNESS FOR A PARTICULAR PURPOSE,
    MERCHANTABLITY OR NON-INFRINGEMENT.

    See the Apache Version 2.0 License for specific language governing permissions
    and limitations under the License.
    ***************************************************************************** */

    function __decorate(decorators, target, key, desc) {
        var c = arguments.length, r = c < 3 ? target : desc === null ? desc = Object.getOwnPropertyDescriptor(target, key) : desc, d;
        if (typeof Reflect === "object" && typeof Reflect.decorate === "function") r = Reflect.decorate(decorators, target, key, desc);
        else for (var i = decorators.length - 1; i >= 0; i--) if (d = decorators[i]) r = (c < 3 ? d(r) : c > 3 ? d(target, key, r) : d(target, key)) || r;
        return c > 3 && r && Object.defineProperty(target, key, r), r;
    }

    /**
     * @license
     * Copyright Google Inc. All Rights Reserved.
     *
     * Use of this source code is governed by an MIT-style license that can be
     * found in the LICENSE file at https://angular.io/license
     */
    var SecondaryModule = /** @class */ (function () {
        function SecondaryModule() {
        }
        SecondaryModule = __decorate([
            core.NgModule({})
        ], SecondaryModule);
        return SecondaryModule;
    }());
    var a = 1;

    /**
     * @license
     * Copyright Google Inc. All Rights Reserved.
     *
     * Use of this source code is governed by an MIT-style license that can be
     * found in the LICENSE file at https://angular.io/license
     */

    /**
     * Generated bundle index. Do not edit.
     */

    exports.SecondaryModule = SecondaryModule;
    exports.a = a;

    Object.defineProperty(exports, '__esModule', { value: true });

}));
//# sourceMappingURL=waffels-secondary.umd.js.map


--- bundles/waffels-secondary.umd.min.js ---

/**
 * @license Angular v0.0.0
 * (c) 2010-2019 Google LLC. https://angular.io/
 * License: MIT
 */
!function(e,t){"object"==typeof exports&&"undefined"!=typeof module?t(exports,require("@angular/core")):"function"==typeof define&&define.amd?define("example/secondary",["exports","@angular/core"],t):t(((e=e||self).example=e.example||{},e.example.secondary={}),e.ng.core)}(this,function(e,t){"use strict";
/**
     * @license
     * Copyright Google Inc. All Rights Reserved.
     *
     * Use of this source code is governed by an MIT-style license that can be
     * found in the LICENSE file at https://angular.io/license
     */
var o=function(){return function o(e,t,n,r){var c,f=arguments.length,l=f<3?t:null===r?r=Object.getOwnPropertyDescriptor(t,n):r;if("object"==typeof Reflect&&"function"==typeof Reflect.decorate)l=Reflect.decorate(e,t,n,r);else for(var u=e.length-1;u>=0;u--)(c=e[u])&&(l=(f<3?c(l):f>3?c(t,n,l):c(t,n))||l);return f>3&&l&&Object.defineProperty(t,n,l),l}([t.NgModule({})],function e(){})}();
/**
     * @license
     * Copyright Google Inc. All Rights Reserved.
     *
     * Use of this source code is governed by an MIT-style license that can be
     * found in the LICENSE file at https://angular.io/license
     */
e.SecondaryModule=o,e.a=1,Object.defineProperty(e,"__esModule",{value:!0})});

--- bundles/waffels.umd.js ---

/**
 * @license Angular v0.0.0
 * (c) 2010-2019 Google LLC. https://angular.io/
 * License: MIT
 */

(function (global, factory) {
    typeof exports === 'object' && typeof module !== 'undefined' ? factory(exports, require('@angular/core')) :
    typeof define === 'function' && define.amd ? define('example', ['exports', '@angular/core'], factory) :
    (global = global || self, factory(global.example = {}, global.ng.core));
}(this, function (exports, core) { 'use strict';

    /*! *****************************************************************************
    Copyright (c) Microsoft Corporation. All rights reserved.
    Licensed under the Apache License, Version 2.0 (the "License"); you may not use
    this file except in compliance with the License. You may obtain a copy of the
    License at http://www.apache.org/licenses/LICENSE-2.0

    THIS CODE IS PROVIDED ON AN *AS IS* BASIS, WITHOUT WARRANTIES OR CONDITIONS OF ANY
    KIND, EITHER EXPRESS OR IMPLIED, INCLUDING WITHOUT LIMITATION ANY IMPLIED
    WARRANTIES OR CONDITIONS OF TITLE, FITNESS FOR A PARTICULAR PURPOSE,
    MERCHANTABLITY OR NON-INFRINGEMENT.

    See the Apache Version 2.0 License for specific language governing permissions
    and limitations under the License.
    ***************************************************************************** */

    function __decorate(decorators, target, key, desc) {
        var c = arguments.length, r = c < 3 ? target : desc === null ? desc = Object.getOwnPropertyDescriptor(target, key) : desc, d;
        if (typeof Reflect === "object" && typeof Reflect.decorate === "function") r = Reflect.decorate(decorators, target, key, desc);
        else for (var i = decorators.length - 1; i >= 0; i--) if (d = decorators[i]) r = (c < 3 ? d(r) : c > 3 ? d(target, key, r) : d(target, key)) || r;
        return c > 3 && r && Object.defineProperty(target, key, r), r;
    }

    /**
     * @license
     * Copyright Google Inc. All Rights Reserved.
     *
     * Use of this source code is governed by an MIT-style license that can be
     * found in the LICENSE file at https://angular.io/license
     */
    var MyModule = /** @class */ (function () {
        function MyModule() {
        }
        MyModule = __decorate([
            core.NgModule({})
        ], MyModule);
        return MyModule;
    }());

    /**
     * @license
     * Copyright Google Inc. All Rights Reserved.
     *
     * Use of this source code is governed by an MIT-style license that can be
     * found in the LICENSE file at https://angular.io/license
     */

    /**
     * Generated bundle index. Do not edit.
     */

    exports.MyModule = MyModule;

    Object.defineProperty(exports, '__esModule', { value: true });

}));
//# sourceMappingURL=waffels.umd.js.map


--- bundles/waffels.umd.min.js ---

/**
 * @license Angular v0.0.0
 * (c) 2010-2019 Google LLC. https://angular.io/
 * License: MIT
 */
!function(e,t){"object"==typeof exports&&"undefined"!=typeof module?t(exports,require("@angular/core")):"function"==typeof define&&define.amd?define("example",["exports","@angular/core"],t):t((e=e||self).example={},e.ng.core)}(this,function(e,t){"use strict";
/**
     * @license
     * Copyright Google Inc. All Rights Reserved.
     *
     * Use of this source code is governed by an MIT-style license that can be
     * found in the LICENSE file at https://angular.io/license
     */
var o=function(){return function o(e,t,n,r){var f,c=arguments.length,u=c<3?t:null===r?r=Object.getOwnPropertyDescriptor(t,n):r;if("object"==typeof Reflect&&"function"==typeof Reflect.decorate)u=Reflect.decorate(e,t,n,r);else for(var i=e.length-1;i>=0;i--)(f=e[i])&&(u=(c<3?f(u):c>3?f(t,n,u):f(t,n))||u);return c>3&&u&&Object.defineProperty(t,n,u),u}([t.NgModule({})],function e(){})}();
/**
     * @license
     * Copyright Google Inc. All Rights Reserved.
     *
     * Use of this source code is governed by an MIT-style license that can be
     * found in the LICENSE file at https://angular.io/license
     */e.MyModule=o,Object.defineProperty(e,"__esModule",{value:!0})});

--- esm2015/example.externs.js ---

/** @externs */
/**
 * @externs
 * @suppress {duplicate,checkTypes}
 */
// NOTE: generated by tsickle, do not edit.


--- esm2015/example.js ---

/**
 * Generated bundle index. Do not edit.
 */
export * from './index';
//# sourceMappingURL=data:application/json;base64,eyJ2ZXJzaW9uIjozLCJmaWxlIjoiZXhhbXBsZS5qcyIsInNvdXJjZVJvb3QiOiIiLCJzb3VyY2VzIjpbIi4uLy4uLy4uLy4uLy4uLy4uLy4uLy4uL3BhY2thZ2VzL2JhemVsL3Rlc3QvbmdfcGFja2FnZS9leGFtcGxlL2V4YW1wbGUudHMiXSwibmFtZXMiOltdLCJtYXBwaW5ncyI6IkFBQUE7O0dBRUc7QUFFSCxjQUFjLFNBQVMsQ0FBQyIsInNvdXJjZXNDb250ZW50IjpbIi8qKlxuICogR2VuZXJhdGVkIGJ1bmRsZSBpbmRleC4gRG8gbm90IGVkaXQuXG4gKi9cblxuZXhwb3J0ICogZnJvbSAnLi9pbmRleCc7XG4iXX0=

--- esm2015/index.js ---

/**
 * @fileoverview added by tsickle
 * @suppress {checkTypes,extraRequire,missingOverride,missingReturn,unusedPrivateMembers,uselessCode} checked by tsc
 */
/**
 * @license
 * Copyright Google Inc. All Rights Reserved.
 *
 * Use of this source code is governed by an MIT-style license that can be
 * found in the LICENSE file at https://angular.io/license
 */
export { MyModule } from './mymodule';
//# sourceMappingURL=data:application/json;base64,eyJ2ZXJzaW9uIjozLCJmaWxlIjoiaW5kZXguanMiLCJzb3VyY2VSb290IjoiIiwic291cmNlcyI6WyIuLi8uLi8uLi8uLi8uLi8uLi8uLi8uLi9wYWNrYWdlcy9iYXplbC90ZXN0L25nX3BhY2thZ2UvZXhhbXBsZS9pbmRleC50cyJdLCJuYW1lcyI6W10sIm1hcHBpbmdzIjoiOzs7Ozs7Ozs7OztBQVFBLHlCQUFjLFlBQVksQ0FBQyIsInNvdXJjZXNDb250ZW50IjpbIi8qKlxuICogQGxpY2Vuc2VcbiAqIENvcHlyaWdodCBHb29nbGUgSW5jLiBBbGwgUmlnaHRzIFJlc2VydmVkLlxuICpcbiAqIFVzZSBvZiB0aGlzIHNvdXJjZSBjb2RlIGlzIGdvdmVybmVkIGJ5IGFuIE1JVC1zdHlsZSBsaWNlbnNlIHRoYXQgY2FuIGJlXG4gKiBmb3VuZCBpbiB0aGUgTElDRU5TRSBmaWxlIGF0IGh0dHBzOi8vYW5ndWxhci5pby9saWNlbnNlXG4gKi9cblxuZXhwb3J0ICogZnJvbSAnLi9teW1vZHVsZSc7Il19

--- esm2015/mymodule.js ---

/**
 * @fileoverview added by tsickle
 * @suppress {checkTypes,extraRequire,missingOverride,missingReturn,unusedPrivateMembers,uselessCode} checked by tsc
 */
/**
 * @license
 * Copyright Google Inc. All Rights Reserved.
 *
 * Use of this source code is governed by an MIT-style license that can be
 * found in the LICENSE file at https://angular.io/license
 */
import { NgModule } from '@angular/core';
export class MyModule {
}
MyModule.decorators = [
    { type: NgModule, args: [{},] }
];
//# sourceMappingURL=data:application/json;base64,eyJ2ZXJzaW9uIjozLCJmaWxlIjoibXltb2R1bGUuanMiLCJzb3VyY2VSb290IjoiIiwic291cmNlcyI6WyIuLi8uLi8uLi8uLi8uLi8uLi8uLi8uLi9wYWNrYWdlcy9iYXplbC90ZXN0L25nX3BhY2thZ2UvZXhhbXBsZS9teW1vZHVsZS50cyJdLCJuYW1lcyI6W10sIm1hcHBpbmdzIjoiOzs7Ozs7Ozs7OztBQVFBLE9BQU8sRUFBQyxRQUFRLEVBQUMsTUFBTSxlQUFlLENBQUM7QUFJdkMsTUFBTSxPQUFPLFFBQVE7OztZQURwQixRQUFRLFNBQUMsRUFBRSIsInNvdXJjZXNDb250ZW50IjpbIi8qKlxuICogQGxpY2Vuc2VcbiAqIENvcHlyaWdodCBHb29nbGUgSW5jLiBBbGwgUmlnaHRzIFJlc2VydmVkLlxuICpcbiAqIFVzZSBvZiB0aGlzIHNvdXJjZSBjb2RlIGlzIGdvdmVybmVkIGJ5IGFuIE1JVC1zdHlsZSBsaWNlbnNlIHRoYXQgY2FuIGJlXG4gKiBmb3VuZCBpbiB0aGUgTElDRU5TRSBmaWxlIGF0IGh0dHBzOi8vYW5ndWxhci5pby9saWNlbnNlXG4gKi9cblxuaW1wb3J0IHtOZ01vZHVsZX0gZnJvbSAnQGFuZ3VsYXIvY29yZSc7XG5pbXBvcnQge2F9IGZyb20gJy4vc2Vjb25kYXJ5L3NlY29uZGFyeW1vZHVsZSc7XG5cbkBOZ01vZHVsZSh7fSlcbmV4cG9ydCBjbGFzcyBNeU1vZHVsZSB7XG59Il19

--- esm2015/secondary/index.js ---

/**
 * @fileoverview added by tsickle
 * @suppress {checkTypes,extraRequire,missingOverride,missingReturn,unusedPrivateMembers,uselessCode} checked by tsc
 */
/**
 * @license
 * Copyright Google Inc. All Rights Reserved.
 *
 * Use of this source code is governed by an MIT-style license that can be
 * found in the LICENSE file at https://angular.io/license
 */
export { SecondaryModule, a } from './secondarymodule';
//# sourceMappingURL=data:application/json;base64,eyJ2ZXJzaW9uIjozLCJmaWxlIjoiaW5kZXguanMiLCJzb3VyY2VSb290IjoiIiwic291cmNlcyI6WyIuLi8uLi8uLi8uLi8uLi8uLi8uLi8uLi8uLi9wYWNrYWdlcy9iYXplbC90ZXN0L25nX3BhY2thZ2UvZXhhbXBsZS9zZWNvbmRhcnkvaW5kZXgudHMiXSwibmFtZXMiOltdLCJtYXBwaW5ncyI6Ijs7Ozs7Ozs7Ozs7QUFRQSxtQ0FBYyxtQkFBbUIsQ0FBQyIsInNvdXJjZXNDb250ZW50IjpbIi8qKlxuICogQGxpY2Vuc2VcbiAqIENvcHlyaWdodCBHb29nbGUgSW5jLiBBbGwgUmlnaHRzIFJlc2VydmVkLlxuICpcbiAqIFVzZSBvZiB0aGlzIHNvdXJjZSBjb2RlIGlzIGdvdmVybmVkIGJ5IGFuIE1JVC1zdHlsZSBsaWNlbnNlIHRoYXQgY2FuIGJlXG4gKiBmb3VuZCBpbiB0aGUgTElDRU5TRSBmaWxlIGF0IGh0dHBzOi8vYW5ndWxhci5pby9saWNlbnNlXG4gKi9cblxuZXhwb3J0ICogZnJvbSAnLi9zZWNvbmRhcnltb2R1bGUnO1xuIl19

--- esm2015/secondary/secondary.externs.js ---

/** @externs */
/**
 * @externs
 * @suppress {duplicate,checkTypes}
 */
// NOTE: generated by tsickle, do not edit.


--- esm2015/secondary/secondary.js ---

/**
 * Generated bundle index. Do not edit.
 */
export * from './index';
//# sourceMappingURL=data:application/json;base64,eyJ2ZXJzaW9uIjozLCJmaWxlIjoic2Vjb25kYXJ5LmpzIiwic291cmNlUm9vdCI6IiIsInNvdXJjZXMiOlsiLi4vLi4vLi4vLi4vLi4vLi4vLi4vLi4vLi4vcGFja2FnZXMvYmF6ZWwvdGVzdC9uZ19wYWNrYWdlL2V4YW1wbGUvc2Vjb25kYXJ5L3NlY29uZGFyeS50cyJdLCJuYW1lcyI6W10sIm1hcHBpbmdzIjoiQUFBQTs7R0FFRztBQUVILGNBQWMsU0FBUyxDQUFDIiwic291cmNlc0NvbnRlbnQiOlsiLyoqXG4gKiBHZW5lcmF0ZWQgYnVuZGxlIGluZGV4LiBEbyBub3QgZWRpdC5cbiAqL1xuXG5leHBvcnQgKiBmcm9tICcuL2luZGV4JztcbiJdfQ==

--- esm2015/secondary/secondarymodule.js ---

/**
 * @fileoverview added by tsickle
 * @suppress {checkTypes,extraRequire,missingOverride,missingReturn,unusedPrivateMembers,uselessCode} checked by tsc
 */
/**
 * @license
 * Copyright Google Inc. All Rights Reserved.
 *
 * Use of this source code is governed by an MIT-style license that can be
 * found in the LICENSE file at https://angular.io/license
 */
import { NgModule } from '@angular/core';
export class SecondaryModule {
}
SecondaryModule.decorators = [
    { type: NgModule, args: [{},] }
];
/** @type {?} */
export const a = 1;
//# sourceMappingURL=data:application/json;base64,eyJ2ZXJzaW9uIjozLCJmaWxlIjoic2Vjb25kYXJ5bW9kdWxlLmpzIiwic291cmNlUm9vdCI6IiIsInNvdXJjZXMiOlsiLi4vLi4vLi4vLi4vLi4vLi4vLi4vLi4vLi4vcGFja2FnZXMvYmF6ZWwvdGVzdC9uZ19wYWNrYWdlL2V4YW1wbGUvc2Vjb25kYXJ5L3NlY29uZGFyeW1vZHVsZS50cyJdLCJuYW1lcyI6W10sIm1hcHBpbmdzIjoiOzs7Ozs7Ozs7OztBQVFBLE9BQU8sRUFBQyxRQUFRLEVBQUMsTUFBTSxlQUFlLENBQUM7QUFHdkMsTUFBTSxPQUFPLGVBQWU7OztZQUQzQixRQUFRLFNBQUMsRUFBRTs7O0FBSVosTUFBTSxPQUFPLENBQUMsR0FBRyxDQUFDIiwic291cmNlc0NvbnRlbnQiOlsiLyoqXG4gKiBAbGljZW5zZVxuICogQ29weXJpZ2h0IEdvb2dsZSBJbmMuIEFsbCBSaWdodHMgUmVzZXJ2ZWQuXG4gKlxuICogVXNlIG9mIHRoaXMgc291cmNlIGNvZGUgaXMgZ292ZXJuZWQgYnkgYW4gTUlULXN0eWxlIGxpY2Vuc2UgdGhhdCBjYW4gYmVcbiAqIGZvdW5kIGluIHRoZSBMSUNFTlNFIGZpbGUgYXQgaHR0cHM6Ly9hbmd1bGFyLmlvL2xpY2Vuc2VcbiAqL1xuXG5pbXBvcnQge05nTW9kdWxlfSBmcm9tICdAYW5ndWxhci9jb3JlJztcblxuQE5nTW9kdWxlKHt9KVxuZXhwb3J0IGNsYXNzIFNlY29uZGFyeU1vZHVsZSB7XG59XG5cbmV4cG9ydCBjb25zdCBhID0gMTtcbiJdfQ==

--- esm5/example.js ---

/**
 * Generated bundle index. Do not edit.
 */
export * from './index';
//# sourceMappingURL=data:application/json;base64,eyJ2ZXJzaW9uIjozLCJmaWxlIjoiZXhhbXBsZS5qcyIsInNvdXJjZVJvb3QiOiIiLCJzb3VyY2VzIjpbIi4uLy4uLy4uLy4uLy4uLy4uLy4uLy4uLy4uLy4uLy4uLy4uLy4uLy4uL3BhY2thZ2VzL2JhemVsL3Rlc3QvbmdfcGFja2FnZS9leGFtcGxlL2V4YW1wbGUudHMiXSwibmFtZXMiOltdLCJtYXBwaW5ncyI6IkFBQUE7O0dBRUc7QUFFSCxjQUFjLFNBQVMsQ0FBQyIsInNvdXJjZXNDb250ZW50IjpbIi8qKlxuICogR2VuZXJhdGVkIGJ1bmRsZSBpbmRleC4gRG8gbm90IGVkaXQuXG4gKi9cblxuZXhwb3J0ICogZnJvbSAnLi9pbmRleCc7XG4iXX0=

--- esm5/index.js ---

/**
 * @license
 * Copyright Google Inc. All Rights Reserved.
 *
 * Use of this source code is governed by an MIT-style license that can be
 * found in the LICENSE file at https://angular.io/license
 */
export * from './mymodule';
//# sourceMappingURL=data:application/json;base64,eyJ2ZXJzaW9uIjozLCJmaWxlIjoiaW5kZXguanMiLCJzb3VyY2VSb290IjoiIiwic291cmNlcyI6WyIuLi8uLi8uLi8uLi8uLi8uLi8uLi8uLi8uLi8uLi8uLi8uLi8uLi8uLi9wYWNrYWdlcy9iYXplbC90ZXN0L25nX3BhY2thZ2UvZXhhbXBsZS9pbmRleC50cyJdLCJuYW1lcyI6W10sIm1hcHBpbmdzIjoiQUFBQTs7Ozs7O0dBTUc7QUFFSCxjQUFjLFlBQVksQ0FBQyIsInNvdXJjZXNDb250ZW50IjpbIi8qKlxuICogQGxpY2Vuc2VcbiAqIENvcHlyaWdodCBHb29nbGUgSW5jLiBBbGwgUmlnaHRzIFJlc2VydmVkLlxuICpcbiAqIFVzZSBvZiB0aGlzIHNvdXJjZSBjb2RlIGlzIGdvdmVybmVkIGJ5IGFuIE1JVC1zdHlsZSBsaWNlbnNlIHRoYXQgY2FuIGJlXG4gKiBmb3VuZCBpbiB0aGUgTElDRU5TRSBmaWxlIGF0IGh0dHBzOi8vYW5ndWxhci5pby9saWNlbnNlXG4gKi9cblxuZXhwb3J0ICogZnJvbSAnLi9teW1vZHVsZSc7Il19

--- esm5/mymodule.js ---

/**
 * @license
 * Copyright Google Inc. All Rights Reserved.
 *
 * Use of this source code is governed by an MIT-style license that can be
 * found in the LICENSE file at https://angular.io/license
 */
import * as tslib_1 from "tslib";
import { NgModule } from '@angular/core';
var MyModule = /** @class */ (function () {
    function MyModule() {
    }
    MyModule = tslib_1.__decorate([
        NgModule({})
    ], MyModule);
    return MyModule;
}());
export { MyModule };
//# sourceMappingURL=data:application/json;base64,eyJ2ZXJzaW9uIjozLCJmaWxlIjoibXltb2R1bGUuanMiLCJzb3VyY2VSb290IjoiIiwic291cmNlcyI6WyIuLi8uLi8uLi8uLi8uLi8uLi8uLi8uLi8uLi8uLi8uLi8uLi8uLi8uLi9wYWNrYWdlcy9iYXplbC90ZXN0L25nX3BhY2thZ2UvZXhhbXBsZS9teW1vZHVsZS50cyJdLCJuYW1lcyI6W10sIm1hcHBpbmdzIjoiQUFBQTs7Ozs7O0dBTUc7O0FBRUgsT0FBTyxFQUFDLFFBQVEsRUFBQyxNQUFNLGVBQWUsQ0FBQztBQUl2QztJQUFBO0lBQ0EsQ0FBQztJQURZLFFBQVE7UUFEcEIsUUFBUSxDQUFDLEVBQUUsQ0FBQztPQUNBLFFBQVEsQ0FDcEI7SUFBRCxlQUFDO0NBQUEsQUFERCxJQUNDO1NBRFksUUFBUSIsInNvdXJjZXNDb250ZW50IjpbIi8qKlxuICogQGxpY2Vuc2VcbiAqIENvcHlyaWdodCBHb29nbGUgSW5jLiBBbGwgUmlnaHRzIFJlc2VydmVkLlxuICpcbiAqIFVzZSBvZiB0aGlzIHNvdXJjZSBjb2RlIGlzIGdvdmVybmVkIGJ5IGFuIE1JVC1zdHlsZSBsaWNlbnNlIHRoYXQgY2FuIGJlXG4gKiBmb3VuZCBpbiB0aGUgTElDRU5TRSBmaWxlIGF0IGh0dHBzOi8vYW5ndWxhci5pby9saWNlbnNlXG4gKi9cblxuaW1wb3J0IHtOZ01vZHVsZX0gZnJvbSAnQGFuZ3VsYXIvY29yZSc7XG5pbXBvcnQge2F9IGZyb20gJy4vc2Vjb25kYXJ5L3NlY29uZGFyeW1vZHVsZSc7XG5cbkBOZ01vZHVsZSh7fSlcbmV4cG9ydCBjbGFzcyBNeU1vZHVsZSB7XG59Il19

--- esm5/secondary/index.js ---

/**
 * @license
 * Copyright Google Inc. All Rights Reserved.
 *
 * Use of this source code is governed by an MIT-style license that can be
 * found in the LICENSE file at https://angular.io/license
 */
export * from './secondarymodule';
//# sourceMappingURL=data:application/json;base64,eyJ2ZXJzaW9uIjozLCJmaWxlIjoiaW5kZXguanMiLCJzb3VyY2VSb290IjoiIiwic291cmNlcyI6WyIuLi8uLi8uLi8uLi8uLi8uLi8uLi8uLi8uLi8uLi8uLi8uLi8uLi8uLi8uLi8uLi9wYWNrYWdlcy9iYXplbC90ZXN0L25nX3BhY2thZ2UvZXhhbXBsZS9zZWNvbmRhcnkvaW5kZXgudHMiXSwibmFtZXMiOltdLCJtYXBwaW5ncyI6IkFBQUE7Ozs7OztHQU1HO0FBRUgsY0FBYyxtQkFBbUIsQ0FBQyIsInNvdXJjZXNDb250ZW50IjpbIi8qKlxuICogQGxpY2Vuc2VcbiAqIENvcHlyaWdodCBHb29nbGUgSW5jLiBBbGwgUmlnaHRzIFJlc2VydmVkLlxuICpcbiAqIFVzZSBvZiB0aGlzIHNvdXJjZSBjb2RlIGlzIGdvdmVybmVkIGJ5IGFuIE1JVC1zdHlsZSBsaWNlbnNlIHRoYXQgY2FuIGJlXG4gKiBmb3VuZCBpbiB0aGUgTElDRU5TRSBmaWxlIGF0IGh0dHBzOi8vYW5ndWxhci5pby9saWNlbnNlXG4gKi9cblxuZXhwb3J0ICogZnJvbSAnLi9zZWNvbmRhcnltb2R1bGUnO1xuIl19

--- esm5/secondary/secondary.js ---

/**
 * Generated bundle index. Do not edit.
 */
export * from './index';
//# sourceMappingURL=data:application/json;base64,eyJ2ZXJzaW9uIjozLCJmaWxlIjoic2Vjb25kYXJ5LmpzIiwic291cmNlUm9vdCI6IiIsInNvdXJjZXMiOlsiLi4vLi4vLi4vLi4vLi4vLi4vLi4vLi4vLi4vLi4vLi4vLi4vLi4vLi4vLi4vLi4vcGFja2FnZXMvYmF6ZWwvdGVzdC9uZ19wYWNrYWdlL2V4YW1wbGUvc2Vjb25kYXJ5L3NlY29uZGFyeS50cyJdLCJuYW1lcyI6W10sIm1hcHBpbmdzIjoiQUFBQTs7R0FFRztBQUVILGNBQWMsU0FBUyxDQUFDIiwic291cmNlc0NvbnRlbnQiOlsiLyoqXG4gKiBHZW5lcmF0ZWQgYnVuZGxlIGluZGV4LiBEbyBub3QgZWRpdC5cbiAqL1xuXG5leHBvcnQgKiBmcm9tICcuL2luZGV4JztcbiJdfQ==

--- esm5/secondary/secondarymodule.js ---

/**
 * @license
 * Copyright Google Inc. All Rights Reserved.
 *
 * Use of this source code is governed by an MIT-style license that can be
 * found in the LICENSE file at https://angular.io/license
 */
import * as tslib_1 from "tslib";
import { NgModule } from '@angular/core';
var SecondaryModule = /** @class */ (function () {
    function SecondaryModule() {
    }
    SecondaryModule = tslib_1.__decorate([
        NgModule({})
    ], SecondaryModule);
    return SecondaryModule;
}());
export { SecondaryModule };
export var a = 1;
//# sourceMappingURL=data:application/json;base64,eyJ2ZXJzaW9uIjozLCJmaWxlIjoic2Vjb25kYXJ5bW9kdWxlLmpzIiwic291cmNlUm9vdCI6IiIsInNvdXJjZXMiOlsiLi4vLi4vLi4vLi4vLi4vLi4vLi4vLi4vLi4vLi4vLi4vLi4vLi4vLi4vLi4vLi4vcGFja2FnZXMvYmF6ZWwvdGVzdC9uZ19wYWNrYWdlL2V4YW1wbGUvc2Vjb25kYXJ5L3NlY29uZGFyeW1vZHVsZS50cyJdLCJuYW1lcyI6W10sIm1hcHBpbmdzIjoiQUFBQTs7Ozs7O0dBTUc7O0FBRUgsT0FBTyxFQUFDLFFBQVEsRUFBQyxNQUFNLGVBQWUsQ0FBQztBQUd2QztJQUFBO0lBQ0EsQ0FBQztJQURZLGVBQWU7UUFEM0IsUUFBUSxDQUFDLEVBQUUsQ0FBQztPQUNBLGVBQWUsQ0FDM0I7SUFBRCxzQkFBQztDQUFBLEFBREQsSUFDQztTQURZLGVBQWU7QUFHNUIsTUFBTSxDQUFDLElBQU0sQ0FBQyxHQUFHLENBQUMsQ0FBQyIsInNvdXJjZXNDb250ZW50IjpbIi8qKlxuICogQGxpY2Vuc2VcbiAqIENvcHlyaWdodCBHb29nbGUgSW5jLiBBbGwgUmlnaHRzIFJlc2VydmVkLlxuICpcbiAqIFVzZSBvZiB0aGlzIHNvdXJjZSBjb2RlIGlzIGdvdmVybmVkIGJ5IGFuIE1JVC1zdHlsZSBsaWNlbnNlIHRoYXQgY2FuIGJlXG4gKiBmb3VuZCBpbiB0aGUgTElDRU5TRSBmaWxlIGF0IGh0dHBzOi8vYW5ndWxhci5pby9saWNlbnNlXG4gKi9cblxuaW1wb3J0IHtOZ01vZHVsZX0gZnJvbSAnQGFuZ3VsYXIvY29yZSc7XG5cbkBOZ01vZHVsZSh7fSlcbmV4cG9ydCBjbGFzcyBTZWNvbmRhcnlNb2R1bGUge1xufVxuXG5leHBvcnQgY29uc3QgYSA9IDE7XG4iXX0=

--- example.d.ts ---

/**
 * @license Angular v0.0.0
 * (c) 2010-2019 Google LLC. https://angular.io/
 * License: MIT
 */



export declare class MyModule {
}

export { }


--- example.metadata.json ---

{"__symbolic":"module","version":4,"metadata":{"MyModule":{"__symbolic":"class","decorators":[{"__symbolic":"call","expression":{"__symbolic":"reference","module":"@angular/core","name":"NgModule","line":11,"character":1},"arguments":[{}]}],"members":{}}},"origins":{"MyModule":"./example"},"importAs":"example"}

--- extra-styles.css ---

.special {
  color: goldenrod;
}


--- fesm2015/secondary.js ---

/**
 * @license Angular v0.0.0
 * (c) 2010-2019 Google LLC. https://angular.io/
 * License: MIT
 */

import { NgModule } from '@angular/core';

/**
 * @fileoverview added by tsickle
 * @suppress {checkTypes,extraRequire,missingOverride,missingReturn,unusedPrivateMembers,uselessCode} checked by tsc
 */
class SecondaryModule {
}
SecondaryModule.decorators = [
    { type: NgModule, args: [{},] }
];
/** @type {?} */
const a = 1;

/**
 * @fileoverview added by tsickle
 * @suppress {checkTypes,extraRequire,missingOverride,missingReturn,unusedPrivateMembers,uselessCode} checked by tsc
 */

/**
 * Generated bundle index. Do not edit.
 */

export { SecondaryModule, a };
//# sourceMappingURL=secondary.js.map


--- fesm2015/waffels.js ---

/**
 * @license Angular v0.0.0
 * (c) 2010-2019 Google LLC. https://angular.io/
 * License: MIT
 */

import { NgModule } from '@angular/core';

/**
 * @fileoverview added by tsickle
 * @suppress {checkTypes,extraRequire,missingOverride,missingReturn,unusedPrivateMembers,uselessCode} checked by tsc
 */
class MyModule {
}
MyModule.decorators = [
    { type: NgModule, args: [{},] }
];

/**
 * @fileoverview added by tsickle
 * @suppress {checkTypes,extraRequire,missingOverride,missingReturn,unusedPrivateMembers,uselessCode} checked by tsc
 */

/**
 * Generated bundle index. Do not edit.
 */

export { MyModule };
//# sourceMappingURL=waffels.js.map


--- fesm5/secondary.js ---

/**
 * @license Angular v0.0.0
 * (c) 2010-2019 Google LLC. https://angular.io/
 * License: MIT
 */

import { __decorate } from 'tslib';
import { NgModule } from '@angular/core';

/**
 * @license
 * Copyright Google Inc. All Rights Reserved.
 *
 * Use of this source code is governed by an MIT-style license that can be
 * found in the LICENSE file at https://angular.io/license
 */
var SecondaryModule = /** @class */ (function () {
    function SecondaryModule() {
    }
    SecondaryModule = __decorate([
        NgModule({})
    ], SecondaryModule);
    return SecondaryModule;
}());
var a = 1;

/**
 * @license
 * Copyright Google Inc. All Rights Reserved.
 *
 * Use of this source code is governed by an MIT-style license that can be
 * found in the LICENSE file at https://angular.io/license
 */

/**
 * Generated bundle index. Do not edit.
 */

export { SecondaryModule, a };
//# sourceMappingURL=secondary.js.map


--- fesm5/waffels.js ---

/**
 * @license Angular v0.0.0
 * (c) 2010-2019 Google LLC. https://angular.io/
 * License: MIT
 */

import { __decorate } from 'tslib';
import { NgModule } from '@angular/core';

/**
 * @license
 * Copyright Google Inc. All Rights Reserved.
 *
 * Use of this source code is governed by an MIT-style license that can be
 * found in the LICENSE file at https://angular.io/license
 */
var MyModule = /** @class */ (function () {
    function MyModule() {
    }
    MyModule = __decorate([
        NgModule({})
    ], MyModule);
    return MyModule;
}());

/**
 * @license
 * Copyright Google Inc. All Rights Reserved.
 *
 * Use of this source code is governed by an MIT-style license that can be
 * found in the LICENSE file at https://angular.io/license
 */

/**
 * Generated bundle index. Do not edit.
 */

export { MyModule };
//# sourceMappingURL=waffels.js.map


--- package.json ---

{
  "name": "example",
  "version": "0.0.0",
  "main": "./bundles/example.umd.js",
  "fesm5": "./fesm5/example.js",
  "fesm2015": "./fesm2015/example.js",
  "esm5": "./esm5/example.js",
  "esm2015": "./esm2015/example.js",
  "typings": "./example.d.ts",
  "module": "./fesm5/example.js",
  "es2015": "./fesm2015/example.js"
}

--- secondary/package.json ---

{
  "name": "example/secondary",
  "main": "../bundles/example-secondary.umd.js",
  "fesm5": "../fesm5/secondary.js",
  "fesm2015": "../fesm2015/secondary.js",
  "esm5": "../esm5/secondary/secondary.js",
  "esm2015": "../esm2015/secondary/secondary.js",
  "typings": "./secondary.d.ts",
  "module": "../fesm5/secondary.js",
  "es2015": "../fesm2015/secondary.js"
}

--- secondary/secondary.d.ts ---

/**
 * @license Angular v0.0.0
 * (c) 2010-2019 Google LLC. https://angular.io/
 * License: MIT
 */


export declare const a = 1;


export declare class SecondaryModule {
}

export { }


--- secondary/secondary.metadata.json ---

{"__symbolic":"module","version":4,"metadata":{"SecondaryModule":{"__symbolic":"class","decorators":[{"__symbolic":"call","expression":{"__symbolic":"reference","module":"@angular/core","name":"NgModule","line":10,"character":1},"arguments":[{}]}],"members":{}},"a":1},"origins":{"SecondaryModule":"./secondary","a":"./secondary"},"importAs":"example/secondary"}

--- secondary.d.ts ---

/**
 * @license Angular v0.0.0
 * (c) 2010-2019 Google LLC. https://angular.io/
 * License: MIT
 */

export * from './secondary/secondary';


--- secondary.metadata.json ---

{"__symbolic":"module","version":3,"metadata":{},"exports":[{"from":"./secondary/secondary"}],"flatModuleIndexRedirect":true,"importAs":"example/secondary"}


--- some-file.txt ---

This file is just copied into the package.

